❌ Fichier non conforme : C:\Users\henry\Desktop\SPOFE-APP VERS 1.0\.dockerignore
❌ Fichier non conforme : C:\Users\henry\Desktop\SPOFE-APP VERS 1.0\.env.production.example
❌ Fichier non conforme : C:\Users\henry\Desktop\SPOFE-APP VERS 1.0\.github\workflows\cd.yml
❌ Fichier non conforme : C:\Users\henry\Desktop\SPOFE-APP VERS 1.0\.github\workflows\ci-cd.yml
❌ Fichier non conforme : C:\Users\henry\Desktop\SPOFE-APP VERS 1.0\.github\workflows\ci.yml
❌ Fichier non conforme : C:\Users\henry\Desktop\SPOFE-APP VERS 1.0\.github\workflows\frontend.yml
❌ Fichier non conforme : C:\Users\henry\Desktop\SPOFE-APP VERS 1.0\.github\workflows\production-deploy.yml
❌ Fichier non conforme : C:\Users\henry\Desktop\SPOFE-APP VERS 1.0\.husky\pre-commit
❌ Fichier non conforme : C:\Users\henry\Desktop\SPOFE-APP VERS 1.0\cascade\.babelrc
❌ Fichier non conforme : C:\Users\henry\Desktop\SPOFE-APP VERS 1.0\cascade\.env
❌ Fichier non conforme : C:\Users\henry\Desktop\SPOFE-APP VERS 1.0\cascade\.env.backup
❌ Fichier non conforme : C:\Users\henry\Desktop\SPOFE-APP VERS 1.0\cascade\.env.example
❌ Fichier non conforme : C:\Users\henry\Desktop\SPOFE-APP VERS 1.0\cascade\.env.production
❌ Fichier non conforme : C:\Users\henry\Desktop\SPOFE-APP VERS 1.0\cascade\.env.test
❌ Fichier non conforme : C:\Users\henry\Desktop\SPOFE-APP VERS 1.0\cascade\.eslintrc.cjs
❌ Fichier non conforme : C:\Users\henry\Desktop\SPOFE-APP VERS 1.0\cascade\.gitignore
❌ Fichier non conforme : C:\Users\henry\Desktop\SPOFE-APP VERS 1.0\cascade\.husky\commit-msg
❌ Fichier non conforme : C:\Users\henry\Desktop\SPOFE-APP VERS 1.0\cascade\.husky\pre-commit
❌ Fichier non conforme : C:\Users\henry\Desktop\SPOFE-APP VERS 1.0\cascade\.husky\pre-push
❌ Fichier non conforme : C:\Users\henry\Desktop\SPOFE-APP VERS 1.0\cascade\.prettierrc
❌ Fichier non conforme : C:\Users\henry\Desktop\SPOFE-APP VERS 1.0\cascade\.sequelizerc
❌ Fichier non conforme : C:\Users\henry\Desktop\SPOFE-APP VERS 1.0\cascade\backend.log
❌ Fichier non conforme : C:\Users\henry\Desktop\SPOFE-APP VERS 1.0\cascade\deploy-precompta.ps1
❌ Fichier non conforme : C:\Users\henry\Desktop\SPOFE-APP VERS 1.0\cascade\docker-compose.yml
❌ Fichier non conforme : C:\Users\henry\Desktop\SPOFE-APP VERS 1.0\cascade\Dockerfile
❌ Fichier non conforme : C:\Users\henry\Desktop\SPOFE-APP VERS 1.0\cascade\grafana\provisioning\dashboards\dashboard.yml
❌ Fichier non conforme : C:\Users\henry\Desktop\SPOFE-APP VERS 1.0\cascade\grafana\provisioning\datasources\prometheus.yml
❌ Fichier non conforme : C:\Users\henry\Desktop\SPOFE-APP VERS 1.0\cascade\husky_backend.zip
❌ Fichier non conforme : C:\Users\henry\Desktop\SPOFE-APP VERS 1.0\cascade\migration-config.cjs
❌ Fichier non conforme : C:\Users\henry\Desktop\SPOFE-APP VERS 1.0\cascade\pm2-start-backend.cjs
❌ Fichier non conforme : C:\Users\henry\Desktop\SPOFE-APP VERS 1.0\cascade\prometheus\alertmanager.yml
❌ Fichier non conforme : C:\Users\henry\Desktop\SPOFE-APP VERS 1.0\cascade\prometheus\alert_rules.yml
❌ Fichier non conforme : C:\Users\henry\Desktop\SPOFE-APP VERS 1.0\cascade\prometheus\prometheus.yml
❌ Fichier non conforme : C:\Users\henry\Desktop\SPOFE-APP VERS 1.0\cascade\QUICK_REFERENCE.sh
❌ Fichier non conforme : C:\Users\henry\Desktop\SPOFE-APP VERS 1.0\cascade\run-migrations.cjs
❌ Fichier non conforme : C:\Users\henry\Desktop\SPOFE-APP VERS 1.0\cascade\run-spofe-pm2.ps1
❌ Fichier non conforme : C:\Users\henry\Desktop\SPOFE-APP VERS 1.0\cascade\scripts\entrypoint-prod.sh
❌ Fichier non conforme : C:\Users\henry\Desktop\SPOFE-APP VERS 1.0\cascade\scripts\run-migration.cjs
❌ Fichier non conforme : C:\Users\henry\Desktop\SPOFE-APP VERS 1.0\cascade\server.log
❌ Fichier non conforme : C:\Users\henry\Desktop\SPOFE-APP VERS 1.0\cascade\setup.ps1
❌ Fichier non conforme : C:\Users\henry\Desktop\SPOFE-APP VERS 1.0\cascade\src\config\database-cli.cjs
❌ Fichier non conforme : C:\Users\henry\Desktop\SPOFE-APP VERS 1.0\cascade\src\docs\api-endpoints.yaml
❌ Fichier non conforme : C:\Users\henry\Desktop\SPOFE-APP VERS 1.0\cascade\src\scripts\audit\audit-backend.sh
❌ Fichier non conforme : C:\Users\henry\Desktop\SPOFE-APP VERS 1.0\cascade\src\scripts\audit\audit.sh
❌ Fichier non conforme : C:\Users\henry\Desktop\SPOFE-APP VERS 1.0\cascade\src\utils\logger.js.backup
❌ Fichier non conforme : C:\Users\henry\Desktop\SPOFE-APP VERS 1.0\cascade\test-cors-simple.ps1
❌ Fichier non conforme : C:\Users\henry\Desktop\SPOFE-APP VERS 1.0\cascade\test-cors.ps1
❌ Fichier non conforme : C:\Users\henry\Desktop\SPOFE-APP VERS 1.0\cascade\test-health.ps1
❌ Fichier non conforme : C:\Users\henry\Desktop\SPOFE-APP VERS 1.0\cascade\tests\test-curl-phase1-2.sh
❌ Fichier non conforme : C:\Users\henry\Desktop\SPOFE-APP VERS 1.0\CASCADE_QUICK_START.sh
❌ Fichier non conforme : C:\Users\henry\Desktop\SPOFE-APP VERS 1.0\docker-compose.prod.yml
❌ Fichier non conforme : C:\Users\henry\Desktop\SPOFE-APP VERS 1.0\docker-compose.yml
❌ Fichier non conforme : C:\Users\henry\Desktop\SPOFE-APP VERS 1.0\Dockerfile.backend
❌ Fichier non conforme : C:\Users\henry\Desktop\SPOFE-APP VERS 1.0\Dockerfile.frontend
❌ Fichier non conforme : C:\Users\henry\Desktop\SPOFE-APP VERS 1.0\Docs\01_ANALYSE_ET_DIAGNOSTICS\.keep
❌ Fichier non conforme : C:\Users\henry\Desktop\SPOFE-APP VERS 1.0\Docs\02_CONFIGURATION_ET_SCRIPTS\.keep
❌ Fichier non conforme : C:\Users\henry\Desktop\SPOFE-APP VERS 1.0\Docs\02_CONFIGURATION_ET_SCRIPTS\run-correction.ps1
❌ Fichier non conforme : C:\Users\henry\Desktop\SPOFE-APP VERS 1.0\Docs\02_CONFIGURATION_ET_SCRIPTS\run-correction.sh
❌ Fichier non conforme : C:\Users\henry\Desktop\SPOFE-APP VERS 1.0\Docs\02_CONFIGURATION_ET_SCRIPTS\run-spofe-stack-v2.ps1
❌ Fichier non conforme : C:\Users\henry\Desktop\SPOFE-APP VERS 1.0\Docs\02_CONFIGURATION_ET_SCRIPTS\run-spofe-stack.ps1
❌ Fichier non conforme : C:\Users\henry\Desktop\SPOFE-APP VERS 1.0\Docs\02_CONFIGURATION_ET_SCRIPTS\start-spofe-pm2.ps1
❌ Fichier non conforme : C:\Users\henry\Desktop\SPOFE-APP VERS 1.0\Docs\02_CONFIGURATION_ET_SCRIPTS\START_SPOFE.ps1
❌ Fichier non conforme : C:\Users\henry\Desktop\SPOFE-APP VERS 1.0\Docs\02_CONFIGURATION_ET_SCRIPTS\test-register.ps1
❌ Fichier non conforme : C:\Users\henry\Desktop\SPOFE-APP VERS 1.0\Docs\03_ARCHITECTURE_TECHNIQUE\.keep
❌ Fichier non conforme : C:\Users\henry\Desktop\SPOFE-APP VERS 1.0\Docs\03_ARCHITECTURE_TECHNIQUE\API_VALIDATION_TESTS.ps1
❌ Fichier non conforme : C:\Users\henry\Desktop\SPOFE-APP VERS 1.0\Docs\03_ARCHITECTURE_TECHNIQUE\API_VALIDATION_TESTS.sh
❌ Fichier non conforme : C:\Users\henry\Desktop\SPOFE-APP VERS 1.0\Docs\04_DATABASE\.keep
❌ Fichier non conforme : C:\Users\henry\Desktop\SPOFE-APP VERS 1.0\Docs\05_LOGS_ET_AUDITS\.keep
❌ Fichier non conforme : C:\Users\henry\Desktop\SPOFE-APP VERS 1.0\frontend\.env
❌ Fichier non conforme : C:\Users\henry\Desktop\SPOFE-APP VERS 1.0\frontend\.env.example
❌ Fichier non conforme : C:\Users\henry\Desktop\SPOFE-APP VERS 1.0\frontend\.eslintrc.cjs
❌ Fichier non conforme : C:\Users\henry\Desktop\SPOFE-APP VERS 1.0\frontend\.gitignore
❌ Fichier non conforme : C:\Users\henry\Desktop\SPOFE-APP VERS 1.0\frontend\.husky\commit-msg
❌ Fichier non conforme : C:\Users\henry\Desktop\SPOFE-APP VERS 1.0\frontend\.husky\pre-commit
❌ Fichier non conforme : C:\Users\henry\Desktop\SPOFE-APP VERS 1.0\frontend\.husky\pre-push
❌ Fichier non conforme : C:\Users\henry\Desktop\SPOFE-APP VERS 1.0\frontend\cypress\e2e\dashboard-flow.cy.ts
❌ Fichier non conforme : C:\Users\henry\Desktop\SPOFE-APP VERS 1.0\frontend\cypress\e2e\dashboard.cy.ts
❌ Fichier non conforme : C:\Users\henry\Desktop\SPOFE-APP VERS 1.0\frontend\husky_frontend\husky_frontend\install_husky.sh
❌ Fichier non conforme : C:\Users\henry\Desktop\SPOFE-APP VERS 1.0\frontend\husky_frontend\husky_frontend\pre-commit
❌ Fichier non conforme : C:\Users\henry\Desktop\SPOFE-APP VERS 1.0\frontend\husky_frontend\husky_frontend\pre-push
❌ Fichier non conforme : C:\Users\henry\Desktop\SPOFE-APP VERS 1.0\frontend\husky_frontend\husky_frontend\_\husky.sh
❌ Fichier non conforme : C:\Users\henry\Desktop\SPOFE-APP VERS 1.0\frontend\index.html
❌ Fichier non conforme : C:\Users\henry\Desktop\SPOFE-APP VERS 1.0\frontend\install.log
❌ Fichier non conforme : C:\Users\henry\Desktop\SPOFE-APP VERS 1.0\frontend\pm2-start-frontend.cjs
❌ Fichier non conforme : C:\Users\henry\Desktop\SPOFE-APP VERS 1.0\frontend\public\assets\images\logo.png
❌ Fichier non conforme : C:\Users\henry\Desktop\SPOFE-APP VERS 1.0\frontend\run-frontend.ps1
❌ Fichier non conforme : C:\Users\henry\Desktop\SPOFE-APP VERS 1.0\frontend\src\App.jsx
❌ Fichier non conforme : C:\Users\henry\Desktop\SPOFE-APP VERS 1.0\frontend\src\components\dashboard\ActionsPanel.jsx
❌ Fichier non conforme : C:\Users\henry\Desktop\SPOFE-APP VERS 1.0\frontend\src\components\dashboard\ActivityChart.jsx
❌ Fichier non conforme : C:\Users\henry\Desktop\SPOFE-APP VERS 1.0\frontend\src\components\dashboard\DashboardLayout.jsx
❌ Fichier non conforme : C:\Users\henry\Desktop\SPOFE-APP VERS 1.0\frontend\src\components\dashboard\DashboardMessage.jsx
❌ Fichier non conforme : C:\Users\henry\Desktop\SPOFE-APP VERS 1.0\frontend\src\components\dashboard\KpiCard.jsx
❌ Fichier non conforme : C:\Users\henry\Desktop\SPOFE-APP VERS 1.0\frontend\src\components\dashboard\PendingValidationsCard.jsx
❌ Fichier non conforme : C:\Users\henry\Desktop\SPOFE-APP VERS 1.0\frontend\src\components\dashboard\ThirdPartiesPreviewTable.jsx
❌ Fichier non conforme : C:\Users\henry\Desktop\SPOFE-APP VERS 1.0\frontend\src\components\dashboard\TreasuryTensionCard.jsx
❌ Fichier non conforme : C:\Users\henry\Desktop\SPOFE-APP VERS 1.0\frontend\src\components\ui\alert.jsx
❌ Fichier non conforme : C:\Users\henry\Desktop\SPOFE-APP VERS 1.0\frontend\src\components\ui\button.jsx
❌ Fichier non conforme : C:\Users\henry\Desktop\SPOFE-APP VERS 1.0\frontend\src\components\ui\card.jsx
❌ Fichier non conforme : C:\Users\henry\Desktop\SPOFE-APP VERS 1.0\frontend\src\components\ui\ThemeToggle.jsx
❌ Fichier non conforme : C:\Users\henry\Desktop\SPOFE-APP VERS 1.0\frontend\src\context\AuthContext.jsx
❌ Fichier non conforme : C:\Users\henry\Desktop\SPOFE-APP VERS 1.0\frontend\src\context\ThemeContext.jsx
❌ Fichier non conforme : C:\Users\henry\Desktop\SPOFE-APP VERS 1.0\frontend\src\index.css
❌ Fichier non conforme : C:\Users\henry\Desktop\SPOFE-APP VERS 1.0\frontend\src\main.jsx
❌ Fichier non conforme : C:\Users\henry\Desktop\SPOFE-APP VERS 1.0\frontend\src\pages\ChartOfAccounts.jsx
❌ Fichier non conforme : C:\Users\henry\Desktop\SPOFE-APP VERS 1.0\frontend\src\pages\DashboardPage.jsx
❌ Fichier non conforme : C:\Users\henry\Desktop\SPOFE-APP VERS 1.0\frontend\src\pages\FinancialReports.jsx
❌ Fichier non conforme : C:\Users\henry\Desktop\SPOFE-APP VERS 1.0\frontend\src\pages\JournalEntries.jsx
❌ Fichier non conforme : C:\Users\henry\Desktop\SPOFE-APP VERS 1.0\frontend\src\pages\Users.jsx
❌ Fichier non conforme : C:\Users\henry\Desktop\SPOFE-APP VERS 1.0\frontend\src\scripts\audit\audit-frontend.sh
❌ Fichier non conforme : C:\Users\henry\Desktop\SPOFE-APP VERS 1.0\frontend\src\scripts\audit\audit.sh
❌ Fichier non conforme : C:\Users\henry\Desktop\SPOFE-APP VERS 1.0\frontend\src\__tests__\App.test.jsx
❌ Fichier non conforme : C:\Users\henry\Desktop\SPOFE-APP VERS 1.0\frontend\src\__tests__\components.test.jsx
❌ Fichier non conforme : C:\Users\henry\Desktop\SPOFE-APP VERS 1.0\frontend\test-integration-cors.html
❌ Fichier non conforme : C:\Users\henry\Desktop\SPOFE-APP VERS 1.0\frontend.nginx.conf
❌ Fichier non conforme : C:\Users\henry\Desktop\SPOFE-APP VERS 1.0\Js files spofe\.jshintrc
❌ Fichier non conforme : C:\Users\henry\Desktop\SPOFE-APP VERS 1.0\LOGO SPOFE.png
❌ Fichier non conforme : C:\Users\henry\Desktop\SPOFE-APP VERS 1.0\monitoring\grafana\dashboards\dashboard.yml
❌ Fichier non conforme : C:\Users\henry\Desktop\SPOFE-APP VERS 1.0\monitoring\grafana\datasources\prometheus.yml
❌ Fichier non conforme : C:\Users\henry\Desktop\SPOFE-APP VERS 1.0\monitoring\prometheus.yml
❌ Fichier non conforme : C:\Users\henry\Desktop\SPOFE-APP VERS 1.0\nginx.conf
❌ Fichier non conforme : C:\Users\henry\Desktop\SPOFE-APP VERS 1.0\PROPOSED_CHANGES\01-SECRETS\.env.example
❌ Fichier non conforme : C:\Users\henry\Desktop\SPOFE-APP VERS 1.0\PROPOSED_CHANGES\02-VITEST\package.json.diff
❌ Fichier non conforme : C:\Users\henry\Desktop\SPOFE-APP VERS 1.0\scripts\backup.sh
❌ Fichier non conforme : C:\Users\henry\Desktop\SPOFE-APP VERS 1.0\scripts\deploy.sh
❌ Fichier non conforme : C:\Users\henry\Desktop\SPOFE-APP VERS 1.0\scripts\health-check.sh
❌ Fichier non conforme : C:\Users\henry\Desktop\SPOFE-APP VERS 1.0\scripts\restore.sh
❌ Fichier non conforme : C:\Users\henry\Desktop\SPOFE-APP VERS 1.0\.dockerignore
❌ Fichier non conforme : C:\Users\henry\Desktop\SPOFE-APP VERS 1.0\.env.production.example
❌ Fichier non conforme : C:\Users\henry\Desktop\SPOFE-APP VERS 1.0\.github\workflows\cd.yml
❌ Fichier non conforme : C:\Users\henry\Desktop\SPOFE-APP VERS 1.0\.github\workflows\ci-cd.yml
❌ Fichier non conforme : C:\Users\henry\Desktop\SPOFE-APP VERS 1.0\.github\workflows\ci.yml
❌ Fichier non conforme : C:\Users\henry\Desktop\SPOFE-APP VERS 1.0\.github\workflows\frontend.yml
❌ Fichier non conforme : C:\Users\henry\Desktop\SPOFE-APP VERS 1.0\.github\workflows\production-deploy.yml
❌ Fichier non conforme : C:\Users\henry\Desktop\SPOFE-APP VERS 1.0\.husky\pre-commit
❌ Fichier non conforme : C:\Users\henry\Desktop\SPOFE-APP VERS 1.0\cascade\.babelrc
❌ Fichier non conforme : C:\Users\henry\Desktop\SPOFE-APP VERS 1.0\cascade\.env
❌ Fichier non conforme : C:\Users\henry\Desktop\SPOFE-APP VERS 1.0\cascade\.env.backup
❌ Fichier non conforme : C:\Users\henry\Desktop\SPOFE-APP VERS 1.0\cascade\.env.example
❌ Fichier non conforme : C:\Users\henry\Desktop\SPOFE-APP VERS 1.0\cascade\.env.production
❌ Fichier non conforme : C:\Users\henry\Desktop\SPOFE-APP VERS 1.0\cascade\.env.test
❌ Fichier non conforme : C:\Users\henry\Desktop\SPOFE-APP VERS 1.0\cascade\.eslintrc.cjs
❌ Fichier non conforme : C:\Users\henry\Desktop\SPOFE-APP VERS 1.0\cascade\.gitignore
❌ Fichier non conforme : C:\Users\henry\Desktop\SPOFE-APP VERS 1.0\cascade\.husky\commit-msg
❌ Fichier non conforme : C:\Users\henry\Desktop\SPOFE-APP VERS 1.0\cascade\.husky\pre-commit
❌ Fichier non conforme : C:\Users\henry\Desktop\SPOFE-APP VERS 1.0\cascade\.husky\pre-push
❌ Fichier non conforme : C:\Users\henry\Desktop\SPOFE-APP VERS 1.0\cascade\.prettierrc
❌ Fichier non conforme : C:\Users\henry\Desktop\SPOFE-APP VERS 1.0\cascade\.sequelizerc
❌ Fichier non conforme : C:\Users\henry\Desktop\SPOFE-APP VERS 1.0\cascade\backend.log
❌ Fichier non conforme : C:\Users\henry\Desktop\SPOFE-APP VERS 1.0\cascade\deploy-precompta.ps1
❌ Fichier non conforme : C:\Users\henry\Desktop\SPOFE-APP VERS 1.0\cascade\docker-compose.yml
❌ Fichier non conforme : C:\Users\henry\Desktop\SPOFE-APP VERS 1.0\cascade\Dockerfile
❌ Fichier non conforme : C:\Users\henry\Desktop\SPOFE-APP VERS 1.0\cascade\grafana\provisioning\dashboards\dashboard.yml
❌ Fichier non conforme : C:\Users\henry\Desktop\SPOFE-APP VERS 1.0\cascade\grafana\provisioning\datasources\prometheus.yml
❌ Fichier non conforme : C:\Users\henry\Desktop\SPOFE-APP VERS 1.0\cascade\husky_backend.zip
❌ Fichier non conforme : C:\Users\henry\Desktop\SPOFE-APP VERS 1.0\cascade\migration-config.cjs
❌ Fichier non conforme : C:\Users\henry\Desktop\SPOFE-APP VERS 1.0\cascade\pm2-start-backend.cjs
❌ Fichier non conforme : C:\Users\henry\Desktop\SPOFE-APP VERS 1.0\cascade\prometheus\alertmanager.yml
❌ Fichier non conforme : C:\Users\henry\Desktop\SPOFE-APP VERS 1.0\cascade\prometheus\alert_rules.yml
❌ Fichier non conforme : C:\Users\henry\Desktop\SPOFE-APP VERS 1.0\cascade\prometheus\prometheus.yml
❌ Fichier non conforme : C:\Users\henry\Desktop\SPOFE-APP VERS 1.0\cascade\QUICK_REFERENCE.sh
❌ Fichier non conforme : C:\Users\henry\Desktop\SPOFE-APP VERS 1.0\cascade\run-migrations.cjs
❌ Fichier non conforme : C:\Users\henry\Desktop\SPOFE-APP VERS 1.0\cascade\run-spofe-pm2.ps1
❌ Fichier non conforme : C:\Users\henry\Desktop\SPOFE-APP VERS 1.0\cascade\scripts\entrypoint-prod.sh
❌ Fichier non conforme : C:\Users\henry\Desktop\SPOFE-APP VERS 1.0\cascade\scripts\run-migration.cjs
❌ Fichier non conforme : C:\Users\henry\Desktop\SPOFE-APP VERS 1.0\cascade\server.log
❌ Fichier non conforme : C:\Users\henry\Desktop\SPOFE-APP VERS 1.0\cascade\setup.ps1
❌ Fichier non conforme : C:\Users\henry\Desktop\SPOFE-APP VERS 1.0\cascade\src\config\database-cli.cjs
❌ Fichier non conforme : C:\Users\henry\Desktop\SPOFE-APP VERS 1.0\cascade\src\docs\api-endpoints.yaml
❌ Fichier non conforme : C:\Users\henry\Desktop\SPOFE-APP VERS 1.0\cascade\src\scripts\audit\audit-backend.sh
❌ Fichier non conforme : C:\Users\henry\Desktop\SPOFE-APP VERS 1.0\cascade\src\scripts\audit\audit.sh
❌ Fichier non conforme : C:\Users\henry\Desktop\SPOFE-APP VERS 1.0\cascade\src\utils\logger.js.backup
❌ Fichier non conforme : C:\Users\henry\Desktop\SPOFE-APP VERS 1.0\cascade\test-cors-simple.ps1
❌ Fichier non conforme : C:\Users\henry\Desktop\SPOFE-APP VERS 1.0\cascade\test-cors.ps1
❌ Fichier non conforme : C:\Users\henry\Desktop\SPOFE-APP VERS 1.0\cascade\test-health.ps1
❌ Fichier non conforme : C:\Users\henry\Desktop\SPOFE-APP VERS 1.0\cascade\tests\test-curl-phase1-2.sh
❌ Fichier non conforme : C:\Users\henry\Desktop\SPOFE-APP VERS 1.0\CASCADE_QUICK_START.sh
❌ Fichier non conforme : C:\Users\henry\Desktop\SPOFE-APP VERS 1.0\docker-compose.prod.yml
❌ Fichier non conforme : C:\Users\henry\Desktop\SPOFE-APP VERS 1.0\docker-compose.yml
❌ Fichier non conforme : C:\Users\henry\Desktop\SPOFE-APP VERS 1.0\Dockerfile.backend
❌ Fichier non conforme : C:\Users\henry\Desktop\SPOFE-APP VERS 1.0\Dockerfile.frontend
❌ Fichier non conforme : C:\Users\henry\Desktop\SPOFE-APP VERS 1.0\Docs\01_ANALYSE_ET_DIAGNOSTICS\.keep
❌ Fichier non conforme : C:\Users\henry\Desktop\SPOFE-APP VERS 1.0\Docs\02_CONFIGURATION_ET_SCRIPTS\.keep
❌ Fichier non conforme : C:\Users\henry\Desktop\SPOFE-APP VERS 1.0\Docs\02_CONFIGURATION_ET_SCRIPTS\run-correction.ps1
❌ Fichier non conforme : C:\Users\henry\Desktop\SPOFE-APP VERS 1.0\Docs\02_CONFIGURATION_ET_SCRIPTS\run-correction.sh
❌ Fichier non conforme : C:\Users\henry\Desktop\SPOFE-APP VERS 1.0\Docs\02_CONFIGURATION_ET_SCRIPTS\run-spofe-stack-v2.ps1
❌ Fichier non conforme : C:\Users\henry\Desktop\SPOFE-APP VERS 1.0\Docs\02_CONFIGURATION_ET_SCRIPTS\run-spofe-stack.ps1
❌ Fichier non conforme : C:\Users\henry\Desktop\SPOFE-APP VERS 1.0\Docs\02_CONFIGURATION_ET_SCRIPTS\start-spofe-pm2.ps1
❌ Fichier non conforme : C:\Users\henry\Desktop\SPOFE-APP VERS 1.0\Docs\02_CONFIGURATION_ET_SCRIPTS\START_SPOFE.ps1
❌ Fichier non conforme : C:\Users\henry\Desktop\SPOFE-APP VERS 1.0\Docs\02_CONFIGURATION_ET_SCRIPTS\test-register.ps1
❌ Fichier non conforme : C:\Users\henry\Desktop\SPOFE-APP VERS 1.0\Docs\03_ARCHITECTURE_TECHNIQUE\.keep
❌ Fichier non conforme : C:\Users\henry\Desktop\SPOFE-APP VERS 1.0\Docs\03_ARCHITECTURE_TECHNIQUE\API_VALIDATION_TESTS.ps1
❌ Fichier non conforme : C:\Users\henry\Desktop\SPOFE-APP VERS 1.0\Docs\03_ARCHITECTURE_TECHNIQUE\API_VALIDATION_TESTS.sh
❌ Fichier non conforme : C:\Users\henry\Desktop\SPOFE-APP VERS 1.0\Docs\04_DATABASE\.keep
❌ Fichier non conforme : C:\Users\henry\Desktop\SPOFE-APP VERS 1.0\Docs\05_LOGS_ET_AUDITS\.keep
❌ Fichier non conforme : C:\Users\henry\Desktop\SPOFE-APP VERS 1.0\frontend\.env
❌ Fichier non conforme : C:\Users\henry\Desktop\SPOFE-APP VERS 1.0\frontend\.env.example
❌ Fichier non conforme : C:\Users\henry\Desktop\SPOFE-APP VERS 1.0\frontend\.eslintrc.cjs
❌ Fichier non conforme : C:\Users\henry\Desktop\SPOFE-APP VERS 1.0\frontend\.gitignore
❌ Fichier non conforme : C:\Users\henry\Desktop\SPOFE-APP VERS 1.0\frontend\.husky\commit-msg
❌ Fichier non conforme : C:\Users\henry\Desktop\SPOFE-APP VERS 1.0\frontend\.husky\pre-commit
❌ Fichier non conforme : C:\Users\henry\Desktop\SPOFE-APP VERS 1.0\frontend\.husky\pre-push
❌ Fichier non conforme : C:\Users\henry\Desktop\SPOFE-APP VERS 1.0\frontend\cypress\e2e\dashboard-flow.cy.ts
❌ Fichier non conforme : C:\Users\henry\Desktop\SPOFE-APP VERS 1.0\frontend\cypress\e2e\dashboard.cy.ts
❌ Fichier non conforme : C:\Users\henry\Desktop\SPOFE-APP VERS 1.0\frontend\husky_frontend\husky_frontend\install_husky.sh
❌ Fichier non conforme : C:\Users\henry\Desktop\SPOFE-APP VERS 1.0\frontend\husky_frontend\husky_frontend\pre-commit
❌ Fichier non conforme : C:\Users\henry\Desktop\SPOFE-APP VERS 1.0\frontend\husky_frontend\husky_frontend\pre-push
❌ Fichier non conforme : C:\Users\henry\Desktop\SPOFE-APP VERS 1.0\frontend\husky_frontend\husky_frontend\_\husky.sh
❌ Fichier non conforme : C:\Users\henry\Desktop\SPOFE-APP VERS 1.0\frontend\index.html
❌ Fichier non conforme : C:\Users\henry\Desktop\SPOFE-APP VERS 1.0\frontend\install.log
❌ Fichier non conforme : C:\Users\henry\Desktop\SPOFE-APP VERS 1.0\frontend\pm2-start-frontend.cjs
❌ Fichier non conforme : C:\Users\henry\Desktop\SPOFE-APP VERS 1.0\frontend\public\assets\images\logo.png
❌ Fichier non conforme : C:\Users\henry\Desktop\SPOFE-APP VERS 1.0\frontend\run-frontend.ps1
❌ Fichier non conforme : C:\Users\henry\Desktop\SPOFE-APP VERS 1.0\frontend\src\App.jsx
❌ Fichier non conforme : C:\Users\henry\Desktop\SPOFE-APP VERS 1.0\frontend\src\components\dashboard\ActionsPanel.jsx
❌ Fichier non conforme : C:\Users\henry\Desktop\SPOFE-APP VERS 1.0\frontend\src\components\dashboard\ActivityChart.jsx
❌ Fichier non conforme : C:\Users\henry\Desktop\SPOFE-APP VERS 1.0\frontend\src\components\dashboard\DashboardLayout.jsx
❌ Fichier non conforme : C:\Users\henry\Desktop\SPOFE-APP VERS 1.0\frontend\src\components\dashboard\DashboardMessage.jsx
❌ Fichier non conforme : C:\Users\henry\Desktop\SPOFE-APP VERS 1.0\frontend\src\components\dashboard\KpiCard.jsx
❌ Fichier non conforme : C:\Users\henry\Desktop\SPOFE-APP VERS 1.0\frontend\src\components\dashboard\PendingValidationsCard.jsx
❌ Fichier non conforme : C:\Users\henry\Desktop\SPOFE-APP VERS 1.0\frontend\src\components\dashboard\ThirdPartiesPreviewTable.jsx
❌ Fichier non conforme : C:\Users\henry\Desktop\SPOFE-APP VERS 1.0\frontend\src\components\dashboard\TreasuryTensionCard.jsx
❌ Fichier non conforme : C:\Users\henry\Desktop\SPOFE-APP VERS 1.0\frontend\src\components\ui\alert.jsx
❌ Fichier non conforme : C:\Users\henry\Desktop\SPOFE-APP VERS 1.0\frontend\src\components\ui\button.jsx
❌ Fichier non conforme : C:\Users\henry\Desktop\SPOFE-APP VERS 1.0\frontend\src\components\ui\card.jsx
❌ Fichier non conforme : C:\Users\henry\Desktop\SPOFE-APP VERS 1.0\frontend\src\components\ui\ThemeToggle.jsx
❌ Fichier non conforme : C:\Users\henry\Desktop\SPOFE-APP VERS 1.0\frontend\src\context\AuthContext.jsx
❌ Fichier non conforme : C:\Users\henry\Desktop\SPOFE-APP VERS 1.0\frontend\src\context\ThemeContext.jsx
❌ Fichier non conforme : C:\Users\henry\Desktop\SPOFE-APP VERS 1.0\frontend\src\index.css
❌ Fichier non conforme : C:\Users\henry\Desktop\SPOFE-APP VERS 1.0\frontend\src\main.jsx
❌ Fichier non conforme : C:\Users\henry\Desktop\SPOFE-APP VERS 1.0\frontend\src\pages\ChartOfAccounts.jsx
❌ Fichier non conforme : C:\Users\henry\Desktop\SPOFE-APP VERS 1.0\frontend\src\pages\DashboardPage.jsx
❌ Fichier non conforme : C:\Users\henry\Desktop\SPOFE-APP VERS 1.0\frontend\src\pages\FinancialReports.jsx
❌ Fichier non conforme : C:\Users\henry\Desktop\SPOFE-APP VERS 1.0\frontend\src\pages\JournalEntries.jsx
❌ Fichier non conforme : C:\Users\henry\Desktop\SPOFE-APP VERS 1.0\frontend\src\pages\Users.jsx
❌ Fichier non conforme : C:\Users\henry\Desktop\SPOFE-APP VERS 1.0\frontend\src\scripts\audit\audit-frontend.sh
❌ Fichier non conforme : C:\Users\henry\Desktop\SPOFE-APP VERS 1.0\frontend\src\scripts\audit\audit.sh
❌ Fichier non conforme : C:\Users\henry\Desktop\SPOFE-APP VERS 1.0\frontend\src\__tests__\App.test.jsx
❌ Fichier non conforme : C:\Users\henry\Desktop\SPOFE-APP VERS 1.0\frontend\src\__tests__\components.test.jsx
❌ Fichier non conforme : C:\Users\henry\Desktop\SPOFE-APP VERS 1.0\frontend\test-integration-cors.html
❌ Fichier non conforme : C:\Users\henry\Desktop\SPOFE-APP VERS 1.0\frontend.nginx.conf
❌ Fichier non conforme : C:\Users\henry\Desktop\SPOFE-APP VERS 1.0\Js files spofe\.jshintrc
❌ Fichier non conforme : C:\Users\henry\Desktop\SPOFE-APP VERS 1.0\LOGO SPOFE.png
❌ Fichier non conforme : C:\Users\henry\Desktop\SPOFE-APP VERS 1.0\monitoring\grafana\dashboards\dashboard.yml
❌ Fichier non conforme : C:\Users\henry\Desktop\SPOFE-APP VERS 1.0\monitoring\grafana\datasources\prometheus.yml
❌ Fichier non conforme : C:\Users\henry\Desktop\SPOFE-APP VERS 1.0\monitoring\prometheus.yml
❌ Fichier non conforme : C:\Users\henry\Desktop\SPOFE-APP VERS 1.0\nginx.conf
❌ Fichier non conforme : C:\Users\henry\Desktop\SPOFE-APP VERS 1.0\PROPOSED_CHANGES\01-SECRETS\.env.example
❌ Fichier non conforme : C:\Users\henry\Desktop\SPOFE-APP VERS 1.0\PROPOSED_CHANGES\02-VITEST\package.json.diff
❌ Fichier non conforme : C:\Users\henry\Desktop\SPOFE-APP VERS 1.0\scripts\backup.sh
❌ Fichier non conforme : C:\Users\henry\Desktop\SPOFE-APP VERS 1.0\scripts\deploy.sh
❌ Fichier non conforme : C:\Users\henry\Desktop\SPOFE-APP VERS 1.0\scripts\health-check.sh
❌ Fichier non conforme : C:\Users\henry\Desktop\SPOFE-APP VERS 1.0\scripts\restore.sh
❌ Fichier non conforme : C:\Users\henry\Desktop\SPOFE-APP VERS 1.0\.dockerignore
❌ Fichier non conforme : C:\Users\henry\Desktop\SPOFE-APP VERS 1.0\.env.production.example
❌ Fichier non conforme : C:\Users\henry\Desktop\SPOFE-APP VERS 1.0\.github\workflows\cd.yml
❌ Fichier non conforme : C:\Users\henry\Desktop\SPOFE-APP VERS 1.0\.github\workflows\ci-cd.yml
❌ Fichier non conforme : C:\Users\henry\Desktop\SPOFE-APP VERS 1.0\.github\workflows\ci.yml
❌ Fichier non conforme : C:\Users\henry\Desktop\SPOFE-APP VERS 1.0\.github\workflows\frontend.yml
❌ Fichier non conforme : C:\Users\henry\Desktop\SPOFE-APP VERS 1.0\.github\workflows\production-deploy.yml
❌ Fichier non conforme : C:\Users\henry\Desktop\SPOFE-APP VERS 1.0\.husky\pre-commit
❌ Fichier non conforme : C:\Users\henry\Desktop\SPOFE-APP VERS 1.0\cascade\.babelrc
❌ Fichier non conforme : C:\Users\henry\Desktop\SPOFE-APP VERS 1.0\cascade\.env
❌ Fichier non conforme : C:\Users\henry\Desktop\SPOFE-APP VERS 1.0\cascade\.env.backup
❌ Fichier non conforme : C:\Users\henry\Desktop\SPOFE-APP VERS 1.0\cascade\.env.example
❌ Fichier non conforme : C:\Users\henry\Desktop\SPOFE-APP VERS 1.0\cascade\.env.production
❌ Fichier non conforme : C:\Users\henry\Desktop\SPOFE-APP VERS 1.0\cascade\.env.test
❌ Fichier non conforme : C:\Users\henry\Desktop\SPOFE-APP VERS 1.0\cascade\.eslintrc.cjs
❌ Fichier non conforme : C:\Users\henry\Desktop\SPOFE-APP VERS 1.0\cascade\.gitignore
❌ Fichier non conforme : C:\Users\henry\Desktop\SPOFE-APP VERS 1.0\cascade\.husky\commit-msg
❌ Fichier non conforme : C:\Users\henry\Desktop\SPOFE-APP VERS 1.0\cascade\.husky\pre-commit
❌ Fichier non conforme : C:\Users\henry\Desktop\SPOFE-APP VERS 1.0\cascade\.husky\pre-push
❌ Fichier non conforme : C:\Users\henry\Desktop\SPOFE-APP VERS 1.0\cascade\.prettierrc
❌ Fichier non conforme : C:\Users\henry\Desktop\SPOFE-APP VERS 1.0\cascade\.sequelizerc
❌ Fichier non conforme : C:\Users\henry\Desktop\SPOFE-APP VERS 1.0\cascade\backend.log
❌ Fichier non conforme : C:\Users\henry\Desktop\SPOFE-APP VERS 1.0\cascade\deploy-precompta.ps1
❌ Fichier non conforme : C:\Users\henry\Desktop\SPOFE-APP VERS 1.0\cascade\docker-compose.yml
❌ Fichier non conforme : C:\Users\henry\Desktop\SPOFE-APP VERS 1.0\cascade\Dockerfile
❌ Fichier non conforme : C:\Users\henry\Desktop\SPOFE-APP VERS 1.0\cascade\grafana\provisioning\dashboards\dashboard.yml
❌ Fichier non conforme : C:\Users\henry\Desktop\SPOFE-APP VERS 1.0\cascade\grafana\provisioning\datasources\prometheus.yml
❌ Fichier non conforme : C:\Users\henry\Desktop\SPOFE-APP VERS 1.0\cascade\husky_backend.zip
❌ Fichier non conforme : C:\Users\henry\Desktop\SPOFE-APP VERS 1.0\cascade\migration-config.cjs
❌ Fichier non conforme : C:\Users\henry\Desktop\SPOFE-APP VERS 1.0\cascade\pm2-start-backend.cjs
❌ Fichier non conforme : C:\Users\henry\Desktop\SPOFE-APP VERS 1.0\cascade\prometheus\alertmanager.yml
❌ Fichier non conforme : C:\Users\henry\Desktop\SPOFE-APP VERS 1.0\cascade\prometheus\alert_rules.yml
❌ Fichier non conforme : C:\Users\henry\Desktop\SPOFE-APP VERS 1.0\cascade\prometheus\prometheus.yml
❌ Fichier non conforme : C:\Users\henry\Desktop\SPOFE-APP VERS 1.0\cascade\QUICK_REFERENCE.sh
❌ Fichier non conforme : C:\Users\henry\Desktop\SPOFE-APP VERS 1.0\cascade\run-migrations.cjs
❌ Fichier non conforme : C:\Users\henry\Desktop\SPOFE-APP VERS 1.0\cascade\run-spofe-pm2.ps1
❌ Fichier non conforme : C:\Users\henry\Desktop\SPOFE-APP VERS 1.0\cascade\scripts\entrypoint-prod.sh
❌ Fichier non conforme : C:\Users\henry\Desktop\SPOFE-APP VERS 1.0\cascade\scripts\run-migration.cjs
❌ Fichier non conforme : C:\Users\henry\Desktop\SPOFE-APP VERS 1.0\cascade\server.log
❌ Fichier non conforme : C:\Users\henry\Desktop\SPOFE-APP VERS 1.0\cascade\setup.ps1
❌ Fichier non conforme : C:\Users\henry\Desktop\SPOFE-APP VERS 1.0\cascade\src\config\database-cli.cjs
❌ Fichier non conforme : C:\Users\henry\Desktop\SPOFE-APP VERS 1.0\cascade\src\docs\api-endpoints.yaml
❌ Fichier non conforme : C:\Users\henry\Desktop\SPOFE-APP VERS 1.0\cascade\src\scripts\audit\audit-backend.sh
❌ Fichier non conforme : C:\Users\henry\Desktop\SPOFE-APP VERS 1.0\cascade\src\scripts\audit\audit.sh
❌ Fichier non conforme : C:\Users\henry\Desktop\SPOFE-APP VERS 1.0\cascade\src\utils\logger.js.backup
❌ Fichier non conforme : C:\Users\henry\Desktop\SPOFE-APP VERS 1.0\cascade\test-cors-simple.ps1
❌ Fichier non conforme : C:\Users\henry\Desktop\SPOFE-APP VERS 1.0\cascade\test-cors.ps1
❌ Fichier non conforme : C:\Users\henry\Desktop\SPOFE-APP VERS 1.0\cascade\test-health.ps1
❌ Fichier non conforme : C:\Users\henry\Desktop\SPOFE-APP VERS 1.0\cascade\tests\test-curl-phase1-2.sh
❌ Fichier non conforme : C:\Users\henry\Desktop\SPOFE-APP VERS 1.0\CASCADE_QUICK_START.sh
❌ Fichier non conforme : C:\Users\henry\Desktop\SPOFE-APP VERS 1.0\docker-compose.prod.yml
❌ Fichier non conforme : C:\Users\henry\Desktop\SPOFE-APP VERS 1.0\docker-compose.yml
❌ Fichier non conforme : C:\Users\henry\Desktop\SPOFE-APP VERS 1.0\Dockerfile.backend
❌ Fichier non conforme : C:\Users\henry\Desktop\SPOFE-APP VERS 1.0\Dockerfile.frontend
❌ Fichier non conforme : C:\Users\henry\Desktop\SPOFE-APP VERS 1.0\Docs\01_ANALYSE_ET_DIAGNOSTICS\.keep
❌ Fichier non conforme : C:\Users\henry\Desktop\SPOFE-APP VERS 1.0\Docs\02_CONFIGURATION_ET_SCRIPTS\.keep
❌ Fichier non conforme : C:\Users\henry\Desktop\SPOFE-APP VERS 1.0\Docs\02_CONFIGURATION_ET_SCRIPTS\run-correction.ps1
❌ Fichier non conforme : C:\Users\henry\Desktop\SPOFE-APP VERS 1.0\Docs\02_CONFIGURATION_ET_SCRIPTS\run-correction.sh
❌ Fichier non conforme : C:\Users\henry\Desktop\SPOFE-APP VERS 1.0\Docs\02_CONFIGURATION_ET_SCRIPTS\run-spofe-stack-v2.ps1
❌ Fichier non conforme : C:\Users\henry\Desktop\SPOFE-APP VERS 1.0\Docs\02_CONFIGURATION_ET_SCRIPTS\run-spofe-stack.ps1
❌ Fichier non conforme : C:\Users\henry\Desktop\SPOFE-APP VERS 1.0\Docs\02_CONFIGURATION_ET_SCRIPTS\start-spofe-pm2.ps1
❌ Fichier non conforme : C:\Users\henry\Desktop\SPOFE-APP VERS 1.0\Docs\02_CONFIGURATION_ET_SCRIPTS\START_SPOFE.ps1
❌ Fichier non conforme : C:\Users\henry\Desktop\SPOFE-APP VERS 1.0\Docs\02_CONFIGURATION_ET_SCRIPTS\test-register.ps1
❌ Fichier non conforme : C:\Users\henry\Desktop\SPOFE-APP VERS 1.0\Docs\03_ARCHITECTURE_TECHNIQUE\.keep
❌ Fichier non conforme : C:\Users\henry\Desktop\SPOFE-APP VERS 1.0\Docs\03_ARCHITECTURE_TECHNIQUE\API_VALIDATION_TESTS.ps1
❌ Fichier non conforme : C:\Users\henry\Desktop\SPOFE-APP VERS 1.0\Docs\03_ARCHITECTURE_TECHNIQUE\API_VALIDATION_TESTS.sh
❌ Fichier non conforme : C:\Users\henry\Desktop\SPOFE-APP VERS 1.0\Docs\04_DATABASE\.keep
❌ Fichier non conforme : C:\Users\henry\Desktop\SPOFE-APP VERS 1.0\Docs\05_LOGS_ET_AUDITS\.keep
❌ Fichier non conforme : C:\Users\henry\Desktop\SPOFE-APP VERS 1.0\frontend\.env
❌ Fichier non conforme : C:\Users\henry\Desktop\SPOFE-APP VERS 1.0\frontend\.env.example
❌ Fichier non conforme : C:\Users\henry\Desktop\SPOFE-APP VERS 1.0\frontend\.eslintrc.cjs
❌ Fichier non conforme : C:\Users\henry\Desktop\SPOFE-APP VERS 1.0\frontend\.gitignore
❌ Fichier non conforme : C:\Users\henry\Desktop\SPOFE-APP VERS 1.0\frontend\.husky\commit-msg
❌ Fichier non conforme : C:\Users\henry\Desktop\SPOFE-APP VERS 1.0\frontend\.husky\pre-commit
❌ Fichier non conforme : C:\Users\henry\Desktop\SPOFE-APP VERS 1.0\frontend\.husky\pre-push
❌ Fichier non conforme : C:\Users\henry\Desktop\SPOFE-APP VERS 1.0\frontend\cypress\e2e\dashboard-flow.cy.ts
❌ Fichier non conforme : C:\Users\henry\Desktop\SPOFE-APP VERS 1.0\frontend\cypress\e2e\dashboard.cy.ts
❌ Fichier non conforme : C:\Users\henry\Desktop\SPOFE-APP VERS 1.0\frontend\husky_frontend\husky_frontend\install_husky.sh
❌ Fichier non conforme : C:\Users\henry\Desktop\SPOFE-APP VERS 1.0\frontend\husky_frontend\husky_frontend\pre-commit
❌ Fichier non conforme : C:\Users\henry\Desktop\SPOFE-APP VERS 1.0\frontend\husky_frontend\husky_frontend\pre-push
❌ Fichier non conforme : C:\Users\henry\Desktop\SPOFE-APP VERS 1.0\frontend\husky_frontend\husky_frontend\_\husky.sh
❌ Fichier non conforme : C:\Users\henry\Desktop\SPOFE-APP VERS 1.0\frontend\index.html
❌ Fichier non conforme : C:\Users\henry\Desktop\SPOFE-APP VERS 1.0\frontend\install.log
❌ Fichier non conforme : C:\Users\henry\Desktop\SPOFE-APP VERS 1.0\frontend\pm2-start-frontend.cjs
❌ Fichier non conforme : C:\Users\henry\Desktop\SPOFE-APP VERS 1.0\frontend\public\assets\images\logo.png
❌ Fichier non conforme : C:\Users\henry\Desktop\SPOFE-APP VERS 1.0\frontend\run-frontend.ps1
❌ Fichier non conforme : C:\Users\henry\Desktop\SPOFE-APP VERS 1.0\frontend\src\App.jsx
❌ Fichier non conforme : C:\Users\henry\Desktop\SPOFE-APP VERS 1.0\frontend\src\components\dashboard\ActionsPanel.jsx
❌ Fichier non conforme : C:\Users\henry\Desktop\SPOFE-APP VERS 1.0\frontend\src\components\dashboard\ActivityChart.jsx
❌ Fichier non conforme : C:\Users\henry\Desktop\SPOFE-APP VERS 1.0\frontend\src\components\dashboard\DashboardLayout.jsx
❌ Fichier non conforme : C:\Users\henry\Desktop\SPOFE-APP VERS 1.0\frontend\src\components\dashboard\DashboardMessage.jsx
❌ Fichier non conforme : C:\Users\henry\Desktop\SPOFE-APP VERS 1.0\frontend\src\components\dashboard\KpiCard.jsx
❌ Fichier non conforme : C:\Users\henry\Desktop\SPOFE-APP VERS 1.0\frontend\src\components\dashboard\PendingValidationsCard.jsx
❌ Fichier non conforme : C:\Users\henry\Desktop\SPOFE-APP VERS 1.0\frontend\src\components\dashboard\ThirdPartiesPreviewTable.jsx
❌ Fichier non conforme : C:\Users\henry\Desktop\SPOFE-APP VERS 1.0\frontend\src\components\dashboard\TreasuryTensionCard.jsx
❌ Fichier non conforme : C:\Users\henry\Desktop\SPOFE-APP VERS 1.0\frontend\src\components\ui\alert.jsx
❌ Fichier non conforme : C:\Users\henry\Desktop\SPOFE-APP VERS 1.0\frontend\src\components\ui\button.jsx
❌ Fichier non conforme : C:\Users\henry\Desktop\SPOFE-APP VERS 1.0\frontend\src\components\ui\card.jsx
❌ Fichier non conforme : C:\Users\henry\Desktop\SPOFE-APP VERS 1.0\frontend\src\components\ui\ThemeToggle.jsx
❌ Fichier non conforme : C:\Users\henry\Desktop\SPOFE-APP VERS 1.0\frontend\src\context\AuthContext.jsx
❌ Fichier non conforme : C:\Users\henry\Desktop\SPOFE-APP VERS 1.0\frontend\src\context\ThemeContext.jsx
❌ Fichier non conforme : C:\Users\henry\Desktop\SPOFE-APP VERS 1.0\frontend\src\index.css
❌ Fichier non conforme : C:\Users\henry\Desktop\SPOFE-APP VERS 1.0\frontend\src\main.jsx
❌ Fichier non conforme : C:\Users\henry\Desktop\SPOFE-APP VERS 1.0\frontend\src\pages\ChartOfAccounts.jsx
❌ Fichier non conforme : C:\Users\henry\Desktop\SPOFE-APP VERS 1.0\frontend\src\pages\DashboardPage.jsx
❌ Fichier non conforme : C:\Users\henry\Desktop\SPOFE-APP VERS 1.0\frontend\src\pages\FinancialReports.jsx
❌ Fichier non conforme : C:\Users\henry\Desktop\SPOFE-APP VERS 1.0\frontend\src\pages\JournalEntries.jsx
❌ Fichier non conforme : C:\Users\henry\Desktop\SPOFE-APP VERS 1.0\frontend\src\pages\Users.jsx
❌ Fichier non conforme : C:\Users\henry\Desktop\SPOFE-APP VERS 1.0\frontend\src\scripts\audit\audit-frontend.sh
❌ Fichier non conforme : C:\Users\henry\Desktop\SPOFE-APP VERS 1.0\frontend\src\scripts\audit\audit.sh
❌ Fichier non conforme : C:\Users\henry\Desktop\SPOFE-APP VERS 1.0\frontend\src\__tests__\App.test.jsx
❌ Fichier non conforme : C:\Users\henry\Desktop\SPOFE-APP VERS 1.0\frontend\src\__tests__\components.test.jsx
❌ Fichier non conforme : C:\Users\henry\Desktop\SPOFE-APP VERS 1.0\frontend\test-integration-cors.html
❌ Fichier non conforme : C:\Users\henry\Desktop\SPOFE-APP VERS 1.0\frontend.nginx.conf
❌ Fichier non conforme : C:\Users\henry\Desktop\SPOFE-APP VERS 1.0\Js files spofe\.jshintrc
❌ Fichier non conforme : C:\Users\henry\Desktop\SPOFE-APP VERS 1.0\LOGO SPOFE.png
❌ Fichier non conforme : C:\Users\henry\Desktop\SPOFE-APP VERS 1.0\monitoring\grafana\dashboards\dashboard.yml
❌ Fichier non conforme : C:\Users\henry\Desktop\SPOFE-APP VERS 1.0\monitoring\grafana\datasources\prometheus.yml
❌ Fichier non conforme : C:\Users\henry\Desktop\SPOFE-APP VERS 1.0\monitoring\prometheus.yml
❌ Fichier non conforme : C:\Users\henry\Desktop\SPOFE-APP VERS 1.0\nginx.conf
❌ Fichier non conforme : C:\Users\henry\Desktop\SPOFE-APP VERS 1.0\PROPOSED_CHANGES\01-SECRETS\.env.example
❌ Fichier non conforme : C:\Users\henry\Desktop\SPOFE-APP VERS 1.0\PROPOSED_CHANGES\02-VITEST\package.json.diff
❌ Fichier non conforme : C:\Users\henry\Desktop\SPOFE-APP VERS 1.0\scripts\backup.sh
❌ Fichier non conforme : C:\Users\henry\Desktop\SPOFE-APP VERS 1.0\scripts\deploy.sh
❌ Fichier non conforme : C:\Users\henry\Desktop\SPOFE-APP VERS 1.0\scripts\health-check.sh
❌ Fichier non conforme : C:\Users\henry\Desktop\SPOFE-APP VERS 1.0\scripts\restore.sh
❌ Fichier non conforme : C:\Users\henry\Desktop\SPOFE-APP VERS 1.0\.dockerignore
❌ Fichier non conforme : C:\Users\henry\Desktop\SPOFE-APP VERS 1.0\.env.production.example
❌ Fichier non conforme : C:\Users\henry\Desktop\SPOFE-APP VERS 1.0\.github\workflows\cd.yml
❌ Fichier non conforme : C:\Users\henry\Desktop\SPOFE-APP VERS 1.0\.github\workflows\ci-cd.yml
❌ Fichier non conforme : C:\Users\henry\Desktop\SPOFE-APP VERS 1.0\.github\workflows\ci.yml
❌ Fichier non conforme : C:\Users\henry\Desktop\SPOFE-APP VERS 1.0\.github\workflows\frontend.yml
❌ Fichier non conforme : C:\Users\henry\Desktop\SPOFE-APP VERS 1.0\.github\workflows\production-deploy.yml
❌ Fichier non conforme : C:\Users\henry\Desktop\SPOFE-APP VERS 1.0\.husky\pre-commit
❌ Fichier non conforme : C:\Users\henry\Desktop\SPOFE-APP VERS 1.0\cascade\.babelrc
❌ Fichier non conforme : C:\Users\henry\Desktop\SPOFE-APP VERS 1.0\cascade\.env
❌ Fichier non conforme : C:\Users\henry\Desktop\SPOFE-APP VERS 1.0\cascade\.env.backup
❌ Fichier non conforme : C:\Users\henry\Desktop\SPOFE-APP VERS 1.0\cascade\.env.example
❌ Fichier non conforme : C:\Users\henry\Desktop\SPOFE-APP VERS 1.0\cascade\.env.production
❌ Fichier non conforme : C:\Users\henry\Desktop\SPOFE-APP VERS 1.0\cascade\.env.test
❌ Fichier non conforme : C:\Users\henry\Desktop\SPOFE-APP VERS 1.0\cascade\.eslintrc.cjs
❌ Fichier non conforme : C:\Users\henry\Desktop\SPOFE-APP VERS 1.0\cascade\.gitignore
❌ Fichier non conforme : C:\Users\henry\Desktop\SPOFE-APP VERS 1.0\cascade\.husky\commit-msg
❌ Fichier non conforme : C:\Users\henry\Desktop\SPOFE-APP VERS 1.0\cascade\.husky\pre-commit
❌ Fichier non conforme : C:\Users\henry\Desktop\SPOFE-APP VERS 1.0\cascade\.husky\pre-push
❌ Fichier non conforme : C:\Users\henry\Desktop\SPOFE-APP VERS 1.0\cascade\.prettierrc
❌ Fichier non conforme : C:\Users\henry\Desktop\SPOFE-APP VERS 1.0\cascade\.sequelizerc
❌ Fichier non conforme : C:\Users\henry\Desktop\SPOFE-APP VERS 1.0\cascade\backend.log
❌ Fichier non conforme : C:\Users\henry\Desktop\SPOFE-APP VERS 1.0\cascade\deploy-precompta.ps1
❌ Fichier non conforme : C:\Users\henry\Desktop\SPOFE-APP VERS 1.0\cascade\docker-compose.yml
❌ Fichier non conforme : C:\Users\henry\Desktop\SPOFE-APP VERS 1.0\cascade\Dockerfile
❌ Fichier non conforme : C:\Users\henry\Desktop\SPOFE-APP VERS 1.0\cascade\grafana\provisioning\dashboards\dashboard.yml
❌ Fichier non conforme : C:\Users\henry\Desktop\SPOFE-APP VERS 1.0\cascade\grafana\provisioning\datasources\prometheus.yml
❌ Fichier non conforme : C:\Users\henry\Desktop\SPOFE-APP VERS 1.0\cascade\husky_backend.zip
❌ Fichier non conforme : C:\Users\henry\Desktop\SPOFE-APP VERS 1.0\cascade\migration-config.cjs
❌ Fichier non conforme : C:\Users\henry\Desktop\SPOFE-APP VERS 1.0\cascade\pm2-start-backend.cjs
❌ Fichier non conforme : C:\Users\henry\Desktop\SPOFE-APP VERS 1.0\cascade\prometheus\alertmanager.yml
❌ Fichier non conforme : C:\Users\henry\Desktop\SPOFE-APP VERS 1.0\cascade\prometheus\alert_rules.yml
❌ Fichier non conforme : C:\Users\henry\Desktop\SPOFE-APP VERS 1.0\cascade\prometheus\prometheus.yml
❌ Fichier non conforme : C:\Users\henry\Desktop\SPOFE-APP VERS 1.0\cascade\QUICK_REFERENCE.sh
❌ Fichier non conforme : C:\Users\henry\Desktop\SPOFE-APP VERS 1.0\cascade\run-migrations.cjs
❌ Fichier non conforme : C:\Users\henry\Desktop\SPOFE-APP VERS 1.0\cascade\run-spofe-pm2.ps1
❌ Fichier non conforme : C:\Users\henry\Desktop\SPOFE-APP VERS 1.0\cascade\scripts\entrypoint-prod.sh
❌ Fichier non conforme : C:\Users\henry\Desktop\SPOFE-APP VERS 1.0\cascade\scripts\run-migration.cjs
❌ Fichier non conforme : C:\Users\henry\Desktop\SPOFE-APP VERS 1.0\cascade\server.log
❌ Fichier non conforme : C:\Users\henry\Desktop\SPOFE-APP VERS 1.0\cascade\setup.ps1
❌ Fichier non conforme : C:\Users\henry\Desktop\SPOFE-APP VERS 1.0\cascade\src\config\database-cli.cjs
❌ Fichier non conforme : C:\Users\henry\Desktop\SPOFE-APP VERS 1.0\cascade\src\docs\api-endpoints.yaml
❌ Fichier non conforme : C:\Users\henry\Desktop\SPOFE-APP VERS 1.0\cascade\src\scripts\audit\audit-backend.sh
❌ Fichier non conforme : C:\Users\henry\Desktop\SPOFE-APP VERS 1.0\cascade\src\scripts\audit\audit.sh
❌ Fichier non conforme : C:\Users\henry\Desktop\SPOFE-APP VERS 1.0\cascade\src\utils\logger.js.backup
❌ Fichier non conforme : C:\Users\henry\Desktop\SPOFE-APP VERS 1.0\cascade\test-cors-simple.ps1
❌ Fichier non conforme : C:\Users\henry\Desktop\SPOFE-APP VERS 1.0\cascade\test-cors.ps1
❌ Fichier non conforme : C:\Users\henry\Desktop\SPOFE-APP VERS 1.0\cascade\test-health.ps1
❌ Fichier non conforme : C:\Users\henry\Desktop\SPOFE-APP VERS 1.0\cascade\tests\test-curl-phase1-2.sh
❌ Fichier non conforme : C:\Users\henry\Desktop\SPOFE-APP VERS 1.0\CASCADE_QUICK_START.sh
❌ Fichier non conforme : C:\Users\henry\Desktop\SPOFE-APP VERS 1.0\docker-compose.prod.yml
❌ Fichier non conforme : C:\Users\henry\Desktop\SPOFE-APP VERS 1.0\docker-compose.yml
❌ Fichier non conforme : C:\Users\henry\Desktop\SPOFE-APP VERS 1.0\Dockerfile.backend
❌ Fichier non conforme : C:\Users\henry\Desktop\SPOFE-APP VERS 1.0\Dockerfile.frontend
❌ Fichier non conforme : C:\Users\henry\Desktop\SPOFE-APP VERS 1.0\Docs\01_ANALYSE_ET_DIAGNOSTICS\.keep
❌ Fichier non conforme : C:\Users\henry\Desktop\SPOFE-APP VERS 1.0\Docs\02_CONFIGURATION_ET_SCRIPTS\.keep
❌ Fichier non conforme : C:\Users\henry\Desktop\SPOFE-APP VERS 1.0\Docs\02_CONFIGURATION_ET_SCRIPTS\run-correction.ps1
❌ Fichier non conforme : C:\Users\henry\Desktop\SPOFE-APP VERS 1.0\Docs\02_CONFIGURATION_ET_SCRIPTS\run-correction.sh
❌ Fichier non conforme : C:\Users\henry\Desktop\SPOFE-APP VERS 1.0\Docs\02_CONFIGURATION_ET_SCRIPTS\run-spofe-stack-v2.ps1
❌ Fichier non conforme : C:\Users\henry\Desktop\SPOFE-APP VERS 1.0\Docs\02_CONFIGURATION_ET_SCRIPTS\run-spofe-stack.ps1
❌ Fichier non conforme : C:\Users\henry\Desktop\SPOFE-APP VERS 1.0\Docs\02_CONFIGURATION_ET_SCRIPTS\start-spofe-pm2.ps1
❌ Fichier non conforme : C:\Users\henry\Desktop\SPOFE-APP VERS 1.0\Docs\02_CONFIGURATION_ET_SCRIPTS\START_SPOFE.ps1
❌ Fichier non conforme : C:\Users\henry\Desktop\SPOFE-APP VERS 1.0\Docs\02_CONFIGURATION_ET_SCRIPTS\test-register.ps1
❌ Fichier non conforme : C:\Users\henry\Desktop\SPOFE-APP VERS 1.0\Docs\03_ARCHITECTURE_TECHNIQUE\.keep
❌ Fichier non conforme : C:\Users\henry\Desktop\SPOFE-APP VERS 1.0\Docs\03_ARCHITECTURE_TECHNIQUE\API_VALIDATION_TESTS.ps1
❌ Fichier non conforme : C:\Users\henry\Desktop\SPOFE-APP VERS 1.0\Docs\03_ARCHITECTURE_TECHNIQUE\API_VALIDATION_TESTS.sh
❌ Fichier non conforme : C:\Users\henry\Desktop\SPOFE-APP VERS 1.0\Docs\04_DATABASE\.keep
❌ Fichier non conforme : C:\Users\henry\Desktop\SPOFE-APP VERS 1.0\Docs\05_LOGS_ET_AUDITS\.keep
❌ Fichier non conforme : C:\Users\henry\Desktop\SPOFE-APP VERS 1.0\frontend\.env
❌ Fichier non conforme : C:\Users\henry\Desktop\SPOFE-APP VERS 1.0\frontend\.env.example
❌ Fichier non conforme : C:\Users\henry\Desktop\SPOFE-APP VERS 1.0\frontend\.eslintrc.cjs
❌ Fichier non conforme : C:\Users\henry\Desktop\SPOFE-APP VERS 1.0\frontend\.gitignore
❌ Fichier non conforme : C:\Users\henry\Desktop\SPOFE-APP VERS 1.0\frontend\.husky\commit-msg
❌ Fichier non conforme : C:\Users\henry\Desktop\SPOFE-APP VERS 1.0\frontend\.husky\pre-commit
❌ Fichier non conforme : C:\Users\henry\Desktop\SPOFE-APP VERS 1.0\frontend\.husky\pre-push
❌ Fichier non conforme : C:\Users\henry\Desktop\SPOFE-APP VERS 1.0\frontend\cypress\e2e\dashboard-flow.cy.ts
❌ Fichier non conforme : C:\Users\henry\Desktop\SPOFE-APP VERS 1.0\frontend\cypress\e2e\dashboard.cy.ts
❌ Fichier non conforme : C:\Users\henry\Desktop\SPOFE-APP VERS 1.0\frontend\husky_frontend\husky_frontend\install_husky.sh
❌ Fichier non conforme : C:\Users\henry\Desktop\SPOFE-APP VERS 1.0\frontend\husky_frontend\husky_frontend\pre-commit
❌ Fichier non conforme : C:\Users\henry\Desktop\SPOFE-APP VERS 1.0\frontend\husky_frontend\husky_frontend\pre-push
❌ Fichier non conforme : C:\Users\henry\Desktop\SPOFE-APP VERS 1.0\frontend\husky_frontend\husky_frontend\_\husky.sh
❌ Fichier non conforme : C:\Users\henry\Desktop\SPOFE-APP VERS 1.0\frontend\index.html
❌ Fichier non conforme : C:\Users\henry\Desktop\SPOFE-APP VERS 1.0\frontend\install.log
❌ Fichier non conforme : C:\Users\henry\Desktop\SPOFE-APP VERS 1.0\frontend\pm2-start-frontend.cjs
❌ Fichier non conforme : C:\Users\henry\Desktop\SPOFE-APP VERS 1.0\frontend\public\assets\images\logo.png
❌ Fichier non conforme : C:\Users\henry\Desktop\SPOFE-APP VERS 1.0\frontend\run-frontend.ps1
❌ Fichier non conforme : C:\Users\henry\Desktop\SPOFE-APP VERS 1.0\frontend\src\App.jsx
❌ Fichier non conforme : C:\Users\henry\Desktop\SPOFE-APP VERS 1.0\frontend\src\components\dashboard\ActionsPanel.jsx
❌ Fichier non conforme : C:\Users\henry\Desktop\SPOFE-APP VERS 1.0\frontend\src\components\dashboard\ActivityChart.jsx
❌ Fichier non conforme : C:\Users\henry\Desktop\SPOFE-APP VERS 1.0\frontend\src\components\dashboard\DashboardLayout.jsx
❌ Fichier non conforme : C:\Users\henry\Desktop\SPOFE-APP VERS 1.0\frontend\src\components\dashboard\DashboardMessage.jsx
❌ Fichier non conforme : C:\Users\henry\Desktop\SPOFE-APP VERS 1.0\frontend\src\components\dashboard\KpiCard.jsx
❌ Fichier non conforme : C:\Users\henry\Desktop\SPOFE-APP VERS 1.0\frontend\src\components\dashboard\PendingValidationsCard.jsx
❌ Fichier non conforme : C:\Users\henry\Desktop\SPOFE-APP VERS 1.0\frontend\src\components\dashboard\ThirdPartiesPreviewTable.jsx
❌ Fichier non conforme : C:\Users\henry\Desktop\SPOFE-APP VERS 1.0\frontend\src\components\dashboard\TreasuryTensionCard.jsx
❌ Fichier non conforme : C:\Users\henry\Desktop\SPOFE-APP VERS 1.0\frontend\src\components\ui\alert.jsx
❌ Fichier non conforme : C:\Users\henry\Desktop\SPOFE-APP VERS 1.0\frontend\src\components\ui\button.jsx
❌ Fichier non conforme : C:\Users\henry\Desktop\SPOFE-APP VERS 1.0\frontend\src\components\ui\card.jsx
❌ Fichier non conforme : C:\Users\henry\Desktop\SPOFE-APP VERS 1.0\frontend\src\components\ui\ThemeToggle.jsx
❌ Fichier non conforme : C:\Users\henry\Desktop\SPOFE-APP VERS 1.0\frontend\src\context\AuthContext.jsx
❌ Fichier non conforme : C:\Users\henry\Desktop\SPOFE-APP VERS 1.0\frontend\src\context\ThemeContext.jsx
❌ Fichier non conforme : C:\Users\henry\Desktop\SPOFE-APP VERS 1.0\frontend\src\index.css
❌ Fichier non conforme : C:\Users\henry\Desktop\SPOFE-APP VERS 1.0\frontend\src\main.jsx
❌ Fichier non conforme : C:\Users\henry\Desktop\SPOFE-APP VERS 1.0\frontend\src\pages\ChartOfAccounts.jsx
❌ Fichier non conforme : C:\Users\henry\Desktop\SPOFE-APP VERS 1.0\frontend\src\pages\DashboardPage.jsx
❌ Fichier non conforme : C:\Users\henry\Desktop\SPOFE-APP VERS 1.0\frontend\src\pages\FinancialReports.jsx
❌ Fichier non conforme : C:\Users\henry\Desktop\SPOFE-APP VERS 1.0\frontend\src\pages\JournalEntries.jsx
❌ Fichier non conforme : C:\Users\henry\Desktop\SPOFE-APP VERS 1.0\frontend\src\pages\Users.jsx
❌ Fichier non conforme : C:\Users\henry\Desktop\SPOFE-APP VERS 1.0\frontend\src\scripts\audit\audit-frontend.sh
❌ Fichier non conforme : C:\Users\henry\Desktop\SPOFE-APP VERS 1.0\frontend\src\scripts\audit\audit.sh
❌ Fichier non conforme : C:\Users\henry\Desktop\SPOFE-APP VERS 1.0\frontend\src\__tests__\App.test.jsx
❌ Fichier non conforme : C:\Users\henry\Desktop\SPOFE-APP VERS 1.0\frontend\src\__tests__\components.test.jsx
❌ Fichier non conforme : C:\Users\henry\Desktop\SPOFE-APP VERS 1.0\frontend\test-integration-cors.html
❌ Fichier non conforme : C:\Users\henry\Desktop\SPOFE-APP VERS 1.0\frontend.nginx.conf
❌ Fichier non conforme : C:\Users\henry\Desktop\SPOFE-APP VERS 1.0\Js files spofe\.jshintrc
❌ Fichier non conforme : C:\Users\henry\Desktop\SPOFE-APP VERS 1.0\LOGO SPOFE.png
❌ Fichier non conforme : C:\Users\henry\Desktop\SPOFE-APP VERS 1.0\monitoring\grafana\dashboards\dashboard.yml
❌ Fichier non conforme : C:\Users\henry\Desktop\SPOFE-APP VERS 1.0\monitoring\grafana\datasources\prometheus.yml
❌ Fichier non conforme : C:\Users\henry\Desktop\SPOFE-APP VERS 1.0\monitoring\prometheus.yml
❌ Fichier non conforme : C:\Users\henry\Desktop\SPOFE-APP VERS 1.0\nginx.conf
❌ Fichier non conforme : C:\Users\henry\Desktop\SPOFE-APP VERS 1.0\PROPOSED_CHANGES\01-SECRETS\.env.example
❌ Fichier non conforme : C:\Users\henry\Desktop\SPOFE-APP VERS 1.0\PROPOSED_CHANGES\02-VITEST\package.json.diff
❌ Fichier non conforme : C:\Users\henry\Desktop\SPOFE-APP VERS 1.0\scripts\backup.sh
❌ Fichier non conforme : C:\Users\henry\Desktop\SPOFE-APP VERS 1.0\scripts\deploy.sh
❌ Fichier non conforme : C:\Users\henry\Desktop\SPOFE-APP VERS 1.0\scripts\health-check.sh
❌ Fichier non conforme : C:\Users\henry\Desktop\SPOFE-APP VERS 1.0\scripts\restore.sh
