=== SPOFE CORRECTION LOG ===
Date: 01/20/2026 12:55:00
Working directory: C:\Users\henry\Desktop\SPOFE-APP VERS 1.0


📌 STEP 1: Copier SQL file...
   ⚠️  SQL file not found at root (may already be in place)

📌 STEP 2: Créer structure docs/...
   ✅ Created: docs/
   ✅ Created: docs/backups/

📌 STEP 3: Copier audit JSON...
   ✅ Copied from: Docs\spofe_docs_audit.json
   ✅ Copied to: docs\spofe_docs_audit.json

📌 STEP 4: Nettoyer configs...
   Cleaning duplicate configs...
   ✅ Removed duplicate: spofe-config.json
   ✅ Kept: .spofe-config.json

📌 STEP 5: Vérifier structure...
   ❌ MISSING: cascade/src/database/SPOFE_SPOFEv2.1_OHADA_FUSION_V3.sql
   ✅ Folder: docs/backups/
   ✅ JSON: docs/spofe_docs_audit.json
   ✅ Config: .spofe-config.json
   ℹ️  Log: logs/conventions_audit.log (will be created)

📌 STEP 6: Vérifier script sync...
   ✅ Script found: cascade\src\scripts\sync_docs_database_v2_final.js
   ℹ️  To execute: node cascade\src\scripts\sync_docs_database_v2_final.js
   (Skipped - Node.js required)

╔════════════════════════════════════════════════════════════════╗
║              ⚠️  CORRECTION WITH 1 ISSUES FOUND         ║
╚════════════════════════════════════════════════════════════════╝

📊 Log file: logs\correction-20260120_125500.log

✅ Manual corrections completed
Next: Execute: node cascade/src/scripts/sync_docs_database_v2_final.js

