[2026-01-20T12:24:26.042Z] 🚀 Lancement de l’organisation automatique des documents SPOFE...
[2026-01-20T12:24:26.050Z] 📁 Créé : 01_ANALYSE_ET_DIAGNOSTICS
[2026-01-20T12:24:26.052Z] 📁 Créé : 02_CONFIGURATION_ET_SCRIPTS
[2026-01-20T12:24:26.054Z] 📁 Créé : 03_ARCHITECTURE_TECHNIQUE
[2026-01-20T12:24:26.056Z] 📁 Créé : 04_DATABASE
[2026-01-20T12:24:26.058Z] 📁 Créé : 05_LOGS_ET_AUDITS
[2026-01-20T12:24:26.063Z] 📦 Déplacé : CONVENTIONS_NOMMAGE_SPOFE_v2.0.md → 02_CONFIGURATION_ET_SCRIPTS
[2026-01-20T12:24:26.088Z] 📦 Déplacé : runbook_deploiement.md → 02_CONFIGURATION_ET_SCRIPTS
[2026-01-20T12:24:26.090Z] 📦 Déplacé : spofe_docs_audit.json → 02_CONFIGURATION_ET_SCRIPTS
[2026-01-20T12:24:26.093Z] ✅ README.md mis à jour
[2026-01-20T12:24:26.095Z] ✅ FINAL_INDEX.md mis à jour
[2026-01-20T12:24:26.097Z] ✅ spofe_docs_audit.json mis à jour
[2026-01-20T12:24:26.098Z] ✅ Organisation terminée avec succès !
[2026-01-20T12:32:58.983Z] 🚀 Lancement de l’organisation automatique des documents SPOFE...
[2026-01-20T12:32:58.991Z] 📦 Déplacé : FINAL_INDEX.md → 02_CONFIGURATION_ET_SCRIPTS
[2026-01-20T12:32:59.014Z] 📦 Déplacé : README.md → 02_CONFIGURATION_ET_SCRIPTS
[2026-01-20T12:32:59.016Z] ✅ README.md mis à jour
[2026-01-20T12:32:59.018Z] ✅ FINAL_INDEX.md mis à jour
[2026-01-20T12:32:59.020Z] ✅ spofe_docs_audit.json mis à jour
[2026-01-20T12:32:59.021Z] ✅ Organisation terminée avec succès !
[2026-01-20T13:15:46.631Z] 🚀 Lancement de l’organisation SPOFE v2.1
[2026-01-20T13:15:46.635Z] 🔒 Fichier protégé détecté : .spofe-config.json
[2026-01-20T13:15:46.638Z] 🔒 Fichier protégé détecté : callSeedEndpoint.js
[2026-01-20T13:15:46.640Z] 🔒 Fichier protégé détecté : cascade.sequelizerc.js
[2026-01-20T13:15:46.643Z] 🔒 Fichier protégé détecté : check-chart-sequelize.js
[2026-01-20T13:15:46.644Z] 🔒 Fichier protégé détecté : check-chart.js
[2026-01-20T13:15:46.647Z] 🔒 Fichier protégé détecté : create-admin-fixed.sql
[2026-01-20T13:15:46.649Z] 🔒 Fichier protégé détecté : create-admin.sql
[2026-01-20T13:15:46.652Z] 🔒 Fichier protégé détecté : ecosystem.config.js
[2026-01-20T13:15:46.654Z] 🔒 Fichier protégé détecté : getAdminToken.js
[2026-01-20T13:15:46.658Z] 📦 Déplacé : INDEX.md → 01_ANALYSE_ET_DIAGNOSTICS
[2026-01-20T13:15:46.662Z] 📦 Déplacé : MISSION_REUSSIE.txt → 01_ANALYSE_ET_DIAGNOSTICS
[2026-01-20T13:15:46.663Z] 🔒 Fichier protégé détecté : package-lock.json
[2026-01-20T13:15:46.665Z] 🔒 Fichier protégé détecté : package.json
[2026-01-20T13:15:46.666Z] 🔒 Fichier protégé détecté : Plan comptable ohada.sql
[2026-01-20T13:15:46.669Z] 📦 Déplacé : Plan comptable.txt → 01_ANALYSE_ET_DIAGNOSTICS
[2026-01-20T13:15:46.669Z] 🔒 Fichier protégé détecté : playwright.config.js
[2026-01-20T13:15:46.670Z] 🔒 Fichier protégé détecté : pm2-ecosystem.config.js
[2026-01-20T13:15:46.673Z] 📦 Déplacé : RAPPORT_CLASSIFICATION_FINALE_2026-01-20.md → 01_ANALYSE_ET_DIAGNOSTICS
[2026-01-20T13:15:46.675Z] 📦 Déplacé : RAPPORT_CORRECTION_FICHIERS_JS_2026-01-20.md → 01_ANALYSE_ET_DIAGNOSTICS
[2026-01-20T13:15:46.677Z] 📦 Déplacé : RAPPORT_SCAN_RESTAURATION_COMPLET_2026-01-20.md → 01_ANALYSE_ET_DIAGNOSTICS
[2026-01-20T13:15:46.678Z] 🔒 Fichier protégé détecté : testAPI.js
[2026-01-20T13:15:46.679Z] 🔒 Fichier protégé détecté : testChartAPI.js
[2026-01-20T13:15:46.679Z] 🔒 Fichier protégé détecté : testLoginAndChart.js
[2026-01-20T13:15:46.680Z] 🔒 Fichier protégé détecté : testSeedBasic.js
[2026-01-20T13:15:46.683Z] ✅ Organisation terminée : 6 docs déplacés, 18 fichiers protégés référencés.
